Microchip MPLAB XC8 Compiler V2.40

Linker command line:

-W-3 \
  --edf=C:/Program Files/Microchip/MPLABX/v6.15/packs/Microchip/PIC16Fxxx_DFP/1.4.149/xc8\pic\dat\20230322214319_en.msgs \
  -cn -h+dist/default/debug\Record_player.debug.sym \
  --cmf=dist/default/debug\Record_player.debug.cmf -z -Q16F627A \
  -oC:\Users\earne\AppData\Local\Temp\xcAs524.4 --defsym=__MPLAB_BUILD=1 \
  --fixupoverflow=error -Mdist/default/debug/Record_player.debug.map \
  --md=C:\Users\earne\AppData\Local\Temp\xcAs524.dat -E1 -ver=XC8 Compiler \
  --acfsm=1493 -ACODE=00h-03FFh -ASTRCODE=00h-03FFh -ASTRING=00h-0FFhx4 \
  -ACONST=00h-0FFhx4 -AENTRY=00h-0FFhx4 -ACOMMON=071h-07Fh \
  -ABANK0=020h-06Fh -ABANK1=0A0h-0EFh -ABANK2=0120h-014Fh \
  -ARAM=020h-06Fh,0A0h-0EFh,0120h-014Fh \
  -AABS1=020h-07Fh,0A0h-0EFh,0120h-014Fh -ASFR0=00h-01Fh -ASFR1=080h-09Fh \
  -ASFR2=0100h-011Fh -ASFR3=0180h-01F0h -ACONFIG=02007h-02007h -DCONFIG=2 \
  -AIDLOC=02000h-02003h -DIDLOC=2 -AEEDATA=00h-07Fh/02100h \
  -peeprom_data=EEDATA -DEEDATA=2 -DCODE=2 -DSTRCODE=2 -DSTRING=2 -DCONST=2 \
  -DENTRY=2 -preset_vec=00h,intentry,init,end_init -ppowerup=CODE \
  -pcinit=CODE -pfunctab=ENTRY -k \
  C:\Users\earne\AppData\Local\Temp\xcAs524.o \
  dist/default/debug\Record_player.debug.o 

Object code version is 3.11

Machine type is 16F627A



                Name                               Link     Load   Length Selector   Space Scale
C:\Users\earne\AppData\Local\Temp\xcAs524.o
                end_init                              1        1        1        0       0
                reset_vec                             0        0        1        0       0
                config                             2007     2007        1        0       4
dist/default/debug\Record_player.debug.o
                cinit                               3F4      3F4        C      7E8       0
                config                             2007     2007        1        0       4
                text5                               272      272       10      4E4       0
                text4                               2AF      2AF       5F      55E       0
                text3                               294      294       1B      528       0
                text2                               30E      30E       63      61C       0
                text1                               282      282       12      504       0
                maintext                            371      371       83      6E2       0
                cstackBANK0                          20       20       12       20       1
                cstackCOMMON                         71       71        D       71       1
                bssBANK0                             32       32        8       20       1
                strings                               2        2       26        4       0

TOTAL           Name                               Link     Load   Length     Space
        CLASS   CODE           
                end_init                              1        1        1         0
                cinit                               3F4      3F4        C         0
                reset_vec                             0        0        1         0
                text5                               272      272       10         0
                text4                               2AF      2AF       5F         0
                text3                               294      294       1B         0
                text2                               30E      30E       63         0
                text1                               282      282       12         0
                maintext                            371      371       83         0

        CLASS   STRCODE        

        CLASS   STRING         
                strings                               2        2       26         0

        CLASS   CONST          

        CLASS   ENTRY          

        CLASS   COMMON         
                cstackCOMMON                         71       71        D         1

        CLASS   BANK0          
                cstackBANK0                          20       20       12         1
                bssBANK0                             32       32        8         1

        CLASS   BANK1          

        CLASS   BANK2          

        CLASS   RAM            

        CLASS   ABS1           
                abs_s1                               7E       7E        2         1

        CLASS   SFR0           

        CLASS   SFR1           

        CLASS   SFR2           

        CLASS   SFR3           

        CLASS   CONFIG         
                config                             2007     2007        1         4

        CLASS   IDLOC          

        CLASS   EEDATA         

        CLASS   BANK3          

        CLASS   STACK          



SEGMENTS        Name                           Load    Length   Top    Selector   Space  Class     Delta

                reset_vec                      000000  000002  000002         0       0  CODE        2
                strings                        000002  000026  000028         4       0  STRING      2
                cstackBANK0                    000020  00001A  00003A        20       1  BANK0       1
                cstackCOMMON                   000071  00000D  00007E        71       1  COMMON      1
                text5                          000272  000010  000282       4E4       0  CODE        2
                text1                          000282  000012  000294       504       0  CODE        2
                text3                          000294  00001B  0002AF       528       0  CODE        2
                text4                          0002AF  00005F  00030E       55E       0  CODE        2
                text2                          00030E  000063  000371       61C       0  CODE        2
                maintext                       000371  000083  0003F4       6E2       0  CODE        2
                cinit                          0003F4  00000C  000400       7E8       0  CODE        2


UNUSED ADDRESS RANGES

        Name                Unused          Largest block    Delta
        BANK0            003A-006F             36           1
        BANK1            00A0-00EF             50           1
        BANK2            0120-014F             30           1
        CODE             0028-0271            24A           2
        CONST            0028-0271            100           2
        EEDATA           2100-217F             80           2
        ENTRY            0028-0271            100           2
        IDLOC            2000-2003              4           2
        RAM              003A-006F             36           1
                         00A0-00EF             50
                         0120-014F             30
        SFR0             0000-001F             20           1
        SFR1             0080-009F             20           1
        SFR2             0100-011F             20           1
        SFR3             0180-01F0             71           1
        STRCODE          0028-0271            24A           2
        STRING           0028-0271            100           2

                                  Symbol Table

UART_transmit@CMD        cstackBANK0  0028
UART_transmit@cmd        cstackBANK0  0020
UART_transmit@feedback   cstackCOMMON 0071
UART_transmit@i          cstackBANK0  002B
UART_transmit@i_227      cstackBANK0  0029
UART_transmit@para1      cstackCOMMON 0072
UART_transmit@para2      cstackCOMMON 0073
_CCP1CONbits             (abs)        0017
_CCPR1L                  (abs)        0015
_CMCONbits               (abs)        001F
_Flash                   text5        0272
_PORTAbits               (abs)        0005
_PORTBbits               (abs)        0006
_PR2                     (abs)        0092
_RCSTAbits               (abs)        0018
_SPBRG                   (abs)        0099
_T2CON                   (abs)        0012
_TRISA0                  (abs)        0428
_TRISA1                  (abs)        0429
_TRISA7                  (abs)        042F
_TRISB0                  (abs)        0430
_TRISB1                  (abs)        0431
_TRISB2                  (abs)        0432
_TRISB3                  (abs)        0433
_TRISB4                  (abs)        0434
_TRISB5                  (abs)        0435
_TRISB6                  (abs)        0436
_TXREG                   (abs)        0019
_TXSTAbits               (abs)        0098
_UART_transmit           text4        02AF
__Habs1                  abs1         0000
__Hbank0                 bank0        0000
__Hbank1                 bank1        0000
__Hbank2                 bank2        0000
__Hbank3                 bank3        0000
__HbssBANK0              bssBANK0     0000
__Hcinit                 cinit        0400
__Hclrtext               clrtext      0000
__Hcode                  code         0000
__Hcommon                common       0000
__Hconfig                config       2008
__HcstackBANK0           cstackBANK0  0000
__HcstackCOMMON          cstackCOMMON 0000
__Heeprom_data           eeprom_data  0000
__Hend_init              end_init     0002
__Hfunctab               functab      0000
__Hinit                  init         0001
__Hintentry              intentry     0001
__Hmaintext              maintext     0000
__Hpowerup               powerup      0000
__Hram                   ram          0000
__Hreset_vec             reset_vec    0001
__Hsfr0                  sfr0         0000
__Hsfr1                  sfr1         0000
__Hsfr2                  sfr2         0000
__Hsfr3                  sfr3         0000
__Hspace_0               (abs)        0400
__Hspace_1               (abs)        007E
__Hspace_2               (abs)        0000
__Hspace_3               (abs)        0000
__Hspace_4               (abs)        400F
__Hstack                 stack        0000
__Hstrings               strings      0000
__Htext                  text         0000
__Labs1                  abs1         0000
__Lbank0                 bank0        0000
__Lbank1                 bank1        0000
__Lbank2                 bank2        0000
__Lbank3                 bank3        0000
__LbssBANK0              bssBANK0     0000
__Lcinit                 cinit        03F4
__Lclrtext               clrtext      0000
__Lcode                  code         0000
__Lcommon                common       0000
__Lconfig                config       0000
__LcstackBANK0           cstackBANK0  0000
__LcstackCOMMON          cstackCOMMON 0000
__Leeprom_data           eeprom_data  0000
__Lend_init              end_init     0001
__Lfunctab               functab      0000
__Linit                  init         0001
__Lintentry              intentry     0001
__Lmaintext              maintext     0000
__Lpowerup               powerup      0000
__Lram                   ram          0000
__Lreset_vec             reset_vec    0000
__Lsfr0                  sfr0         0000
__Lsfr1                  sfr1         0000
__Lsfr2                  sfr2         0000
__Lsfr3                  sfr3         0000
__Lspace_0               (abs)        0000
__Lspace_1               (abs)        0000
__Lspace_2               (abs)        0000
__Lspace_3               (abs)        0000
__Lspace_4               (abs)        0000
__Lstack                 stack        0000
__Lstrings               strings      0000
__Ltext                  text         0000
__S0                     (abs)        0400
__S1                     (abs)        007E
__S3                     (abs)        0000
___int_sp                stack        0000
___latbits               (abs)        0000
___sp                    stack        0000
___stackhi               (abs)        0000
___stacklo               (abs)        0000
__end_of_Flash           text5        0282
__end_of_UART_transmit   text4        030E
__end_of__initialization cinit        03FE
__end_of__stringtab      strings      0008
__end_of_checkbit        text3        02AF
__end_of_init            text2        0371
__end_of_main            maintext     03F4
__end_of_motor_switch    text1        0294
__end_of_pause_cmd       strings      0028
__end_of_voldown_cmd     strings      0018
__end_of_volset_cmd      strings      0010
__end_of_volup_cmd       strings      0020
__initialization         cinit        03F4
__pbssBANK0              bssBANK0     0032
__pcstackBANK0           cstackBANK0  0020
__pcstackCOMMON          cstackCOMMON 0071
__pmaintext              maintext     0371
__pstrings               strings      0002
__ptext1                 text1        0282
__ptext2                 text2        030E
__ptext3                 text3        0294
__ptext4                 text4        02AF
__ptext5                 text5        0272
__stringbase             strings      0007
__stringtab              strings      0002
_checkbit                text3        0294
_init                    text2        030E
_main                    maintext     0371
_motor_switch            text1        0282
_pause_cmd               strings      0020
_voldown_cmd             strings      0010
_volset_cmd              strings      0008
_volup_cmd               strings      0018
btemp                    (abs)        007E
checkbit@data            cstackCOMMON 0071
checkbit@position        cstackCOMMON 0073
end_of_initialization    cinit        03FE
init@duty_cycle          cstackCOMMON 007C
intlevel0                functab      0000
intlevel1                functab      0000
intlevel2                functab      0000
intlevel3                functab      0000
intlevel4                functab      0000
intlevel5                functab      0000
main@i                   cstackBANK0  0030
motor_switch@x           cstackCOMMON 0071
reset_vec                reset_vec    0000
start                    init         0001
start_initialization     cinit        03F4
wtemp0                   (abs)        007E


MODULE INFORMATION

Module		Function		Class		Link	Load	Size
shared
		__stringtab    		STRING         	0002	0000	6
		_pause_cmd     		STRING         	0020	0000	8
		_volup_cmd     		STRING         	0018	0000	8
		__initialization		CODE           	03F4	0000	10
		_voldown_cmd   		STRING         	0010	0000	8
		_volset_cmd    		STRING         	0008	0000	8

shared estimated size: 48

main.c
		_init          		CODE           	030E	0000	99
		_Flash         		CODE           	0272	0000	16
		_main          		CODE           	0371	0000	131
		_checkbit      		CODE           	0294	0000	27
		_motor_switch  		CODE           	0282	0000	18
		_UART_transmit 		CODE           	02AF	0000	95

main.c estimated size: 386

