Microchip MPLAB XC8 Compiler V2.40

Linker command line:

-W-3 \
  --edf=C:/Program Files/Microchip/MPLABX/v6.15/packs/Microchip/PIC16Fxxx_DFP/1.4.149/xc8\pic\dat\20230322214319_en.msgs \
  -cn -h+dist/default/production\Record_player.production.sym \
  --cmf=dist/default/production\Record_player.production.cmf -z -Q16F627A \
  -oC:\Users\earne\AppData\Local\Temp\xcAs158k.4 --defsym=__MPLAB_BUILD=1 \
  --fixupoverflow=error \
  -Mdist/default/production/Record_player.production.map \
  --md=C:\Users\earne\AppData\Local\Temp\xcAs158k.dat -E1 -ver=XC8 Compiler \
  --acfsm=1493 -ACODE=00h-03FFh -ASTRCODE=00h-03FFh -ASTRING=00h-0FFhx4 \
  -ACONST=00h-0FFhx4 -AENTRY=00h-0FFhx4 -ACOMMON=070h-07Fh \
  -ABANK0=020h-06Fh -ABANK1=0A0h-0EFh -ABANK2=0120h-014Fh \
  -ARAM=020h-06Fh,0A0h-0EFh,0120h-014Fh \
  -AABS1=020h-07Fh,0A0h-0EFh,0120h-014Fh -ASFR0=00h-01Fh -ASFR1=080h-09Fh \
  -ASFR2=0100h-011Fh -ASFR3=0180h-01EFh -ACONFIG=02007h-02007h -DCONFIG=2 \
  -AIDLOC=02000h-02003h -DIDLOC=2 -AEEDATA=00h-07Fh/02100h \
  -peeprom_data=EEDATA -DEEDATA=2 -DCODE=2 -DSTRCODE=2 -DSTRING=2 -DCONST=2 \
  -DENTRY=2 -preset_vec=00h,intentry,init,end_init -ppowerup=CODE \
  -pcinit=CODE -pfunctab=ENTRY -k \
  C:\Users\earne\AppData\Local\Temp\xcAs158k.o \
  dist/default/production\Record_player.production.o 

Object code version is 3.11

Machine type is 16F627A



                Name                               Link     Load   Length Selector   Space Scale
C:\Users\earne\AppData\Local\Temp\xcAs158k.o
                end_init                              0        0        1        0       0
                config                             2007     2007        1        0       4
dist/default/production\Record_player.production.o
                cinit                               3F4      3F4        C      7E8       0
                config                             2007     2007        1        0       4
                text4                               258      258       5F      4B0       0
                text3                               23D      23D       1B      47A       0
                text2                               2B7      2B7       66      56E       0
                text1                               22B      22B       12      456       0
                maintext                            31D      31D       D7      63A       0
                cstackBANK0                          20       20       12       20       1
                cstackCOMMON                         70       70        D       70       1
                dataBANK0                            3A       3A        1       20       1
                bssBANK0                             32       32        8       20       1
                strings                               1        1       2E        2       0
                idataBANK0                          22A      22A        1      454       0

TOTAL           Name                               Link     Load   Length     Space
        CLASS   CODE           
                end_init                              0        0        1         0
                cinit                               3F4      3F4        C         0
                text4                               258      258       5F         0
                text3                               23D      23D       1B         0
                text2                               2B7      2B7       66         0
                text1                               22B      22B       12         0
                maintext                            31D      31D       D7         0
                idataBANK0                          22A      22A        1         0

        CLASS   STRCODE        

        CLASS   STRING         
                strings                               1        1       2E         0

        CLASS   CONST          

        CLASS   ENTRY          

        CLASS   COMMON         
                cstackCOMMON                         70       70        D         1

        CLASS   BANK0          
                cstackBANK0                          20       20       12         1
                dataBANK0                            3A       3A        1         1
                bssBANK0                             32       32        8         1

        CLASS   BANK1          

        CLASS   BANK2          

        CLASS   RAM            

        CLASS   ABS1           
                abs_s1                               7E       7E        2         1

        CLASS   SFR0           

        CLASS   SFR1           

        CLASS   SFR2           

        CLASS   SFR3           

        CLASS   CONFIG         
                config                             2007     2007        1         4

        CLASS   IDLOC          

        CLASS   EEDATA         

        CLASS   BANK3          

        CLASS   STACK          



SEGMENTS        Name                           Load    Length   Top    Selector   Space  Class     Delta

                reset_vec                      000000  000001  000001         0       0  CODE        2
                strings                        000001  00002E  00002F         2       0  STRING      2
                cstackBANK0                    000020  00001B  00003B        20       1  BANK0       1
                cstackCOMMON                   000070  00000D  00007D        70       1  COMMON      1
                idataBANK0                     00022A  000001  00022B       454       0  CODE        2
                text1                          00022B  000012  00023D       456       0  CODE        2
                text3                          00023D  00001B  000258       47A       0  CODE        2
                text4                          000258  00005F  0002B7       4B0       0  CODE        2
                text2                          0002B7  000066  00031D       56E       0  CODE        2
                maintext                       00031D  0000D7  0003F4       63A       0  CODE        2
                cinit                          0003F4  00000C  000400       7E8       0  CODE        2


UNUSED ADDRESS RANGES

        Name                Unused          Largest block    Delta
        BANK0            003B-006F             35           1
        BANK1            00A0-00EF             50           1
        BANK2            0120-014F             30           1
        CODE             002F-0229            1FB           2
        COMMON           007D-007D              1           1
        CONST            002F-0229            100           2
        EEDATA           2100-217F             80           2
        ENTRY            002F-0229            100           2
        IDLOC            2000-2003              4           2
        RAM              003B-006F             35           1
                         00A0-00EF             50
                         0120-014F             30
        SFR0             0000-001F             20           1
        SFR1             0080-009F             20           1
        SFR2             0100-011F             20           1
        SFR3             0180-01EF             70           1
        STRCODE          002F-0229            1FB           2
        STRING           002F-0229            100           2

                                  Symbol Table

UART_transmit@CMD        cstackBANK0  0028
UART_transmit@cmd        cstackBANK0  0020
UART_transmit@feedback   cstackCOMMON 0070
UART_transmit@i          cstackBANK0  002B
UART_transmit@i_232      cstackBANK0  0029
UART_transmit@para1      cstackCOMMON 0071
UART_transmit@para2      cstackCOMMON 0072
_CCP1CONbits             (abs)        0017
_CCPR1L                  (abs)        0015
_CMCONbits               (abs)        001F
_PORTAbits               (abs)        0005
_PORTBbits               (abs)        0006
_PR2                     (abs)        0092
_RCSTAbits               (abs)        0018
_SPBRG                   (abs)        0099
_T2CON                   (abs)        0012
_TRISA0                  (abs)        0428
_TRISA3                  (abs)        042B
_TRISA4                  (abs)        042C
_TRISA6                  (abs)        042E
_TRISA7                  (abs)        042F
_TRISB0                  (abs)        0430
_TRISB1                  (abs)        0431
_TRISB2                  (abs)        0432
_TRISB3                  (abs)        0433
_TRISB4                  (abs)        0434
_TRISB5                  (abs)        0435
_TRISB6                  (abs)        0436
_TRISB7                  (abs)        0437
_TXREG                   (abs)        0019
_TXSTAbits               (abs)        0098
_UART_transmit           text4        0258
__Habs1                  abs1         0000
__Hbank0                 bank0        0000
__Hbank1                 bank1        0000
__Hbank2                 bank2        0000
__Hbank3                 bank3        0000
__HbssBANK0              bssBANK0     0000
__Hcinit                 cinit        0400
__Hclrtext               clrtext      0000
__Hcode                  code         0000
__Hcommon                common       0000
__Hconfig                config       2008
__HcstackBANK0           cstackBANK0  0000
__HcstackCOMMON          cstackCOMMON 0000
__HdataBANK0             dataBANK0    0000
__Heeprom_data           eeprom_data  0000
__Hend_init              end_init     0001
__Hfunctab               functab      0000
__HidataBANK0            idataBANK0   0000
__Hinit                  init         0000
__Hintentry              intentry     0000
__Hmaintext              maintext     0000
__Hpowerup               powerup      0000
__Hram                   ram          0000
__Hreset_vec             reset_vec    0000
__Hsfr0                  sfr0         0000
__Hsfr1                  sfr1         0000
__Hsfr2                  sfr2         0000
__Hsfr3                  sfr3         0000
__Hspace_0               (abs)        0400
__Hspace_1               (abs)        007D
__Hspace_2               (abs)        0000
__Hspace_3               (abs)        0000
__Hspace_4               (abs)        400F
__Hstack                 stack        0000
__Hstrings               strings      0000
__Htext                  text         0000
__Labs1                  abs1         0000
__Lbank0                 bank0        0000
__Lbank1                 bank1        0000
__Lbank2                 bank2        0000
__Lbank3                 bank3        0000
__LbssBANK0              bssBANK0     0000
__Lcinit                 cinit        03F4
__Lclrtext               clrtext      0000
__Lcode                  code         0000
__Lcommon                common       0000
__Lconfig                config       0000
__LcstackBANK0           cstackBANK0  0000
__LcstackCOMMON          cstackCOMMON 0000
__LdataBANK0             dataBANK0    0000
__Leeprom_data           eeprom_data  0000
__Lend_init              end_init     0000
__Lfunctab               functab      0000
__LidataBANK0            idataBANK0   0000
__Linit                  init         0000
__Lintentry              intentry     0000
__Lmaintext              maintext     0000
__Lpowerup               powerup      0000
__Lram                   ram          0000
__Lreset_vec             reset_vec    0000
__Lsfr0                  sfr0         0000
__Lsfr1                  sfr1         0000
__Lsfr2                  sfr2         0000
__Lsfr3                  sfr3         0000
__Lspace_0               (abs)        0000
__Lspace_1               (abs)        0000
__Lspace_2               (abs)        0000
__Lspace_3               (abs)        0000
__Lspace_4               (abs)        0000
__Lstack                 stack        0000
__Lstrings               strings      0000
__Ltext                  text         0000
__S0                     (abs)        0400
__S1                     (abs)        007D
__S3                     (abs)        0000
___int_sp                stack        0000
___latbits               (abs)        0000
___sp                    stack        0000
___stackhi               (abs)        0000
___stacklo               (abs)        0000
__end_of_UART_transmit   text4        02B7
__end_of__initialization cinit        03FE
__end_of__stringtab      strings      0007
__end_of_checkbit        text3        0258
__end_of_init            text2        031D
__end_of_main            maintext     03F4
__end_of_motor_switch    text1        023D
__end_of_pause_cmd       strings      002F
__end_of_play_cmd        strings      0017
__end_of_voldown_cmd     strings      0027
__end_of_volset_cmd      strings      001F
__end_of_volup_cmd       strings      000F
__initialization         cinit        03F4
__pbssBANK0              bssBANK0     0032
__pcstackBANK0           cstackBANK0  0020
__pcstackCOMMON          cstackCOMMON 0070
__pdataBANK0             dataBANK0    003A
__pidataBANK0            idataBANK0   022A
__pmaintext              maintext     031D
__pstrings               strings      0001
__ptext1                 text1        022B
__ptext2                 text2        02B7
__ptext3                 text3        023D
__ptext4                 text4        0258
__stringbase             strings      0006
__stringtab              strings      0001
_checkbit                text3        023D
_init                    text2        02B7
_main                    maintext     031D
_motor_switch            text1        022B
_pause_cmd               strings      0027
_play_cmd                strings      000F
_select                  dataBANK0    003A
_voldown_cmd             strings      001F
_volset_cmd              strings      0017
btemp                    (abs)        007E
checkbit@data            cstackCOMMON 0070
checkbit@position        cstackCOMMON 0072
end_of_initialization    cinit        03FE
init@duty_cycle          cstackCOMMON 007B
intlevel0                functab      0000
intlevel1                functab      0000
intlevel2                functab      0000
intlevel3                functab      0000
intlevel4                functab      0000
intlevel5                functab      0000
main@i                   cstackBANK0  0030
motor_switch@x           cstackCOMMON 0070
reset_vec                reset_vec    0000
start                    init         0000
start_initialization     cinit        03F4
wtemp0                   (abs)        007E


MODULE INFORMATION

Module		Function		Class		Link	Load	Size
shared
		__stringtab    		STRING         	0001	0000	6
		_pause_cmd     		STRING         	0027	0000	8
		_volup_cmd     		STRING         	0000	0000	0
		__initialization		CODE           	03F4	0000	10
		_play_cmd      		STRING         	000F	0000	8
		_voldown_cmd   		STRING         	001F	0000	8
		_volset_cmd    		STRING         	0017	0000	8

shared estimated size: 48

main.c
		_init          		CODE           	02B7	0000	102
		_main          		CODE           	031D	0000	215
		_checkbit      		CODE           	023D	0000	27
		_motor_switch  		CODE           	022B	0000	18
		_UART_transmit 		CODE           	0258	0000	95

main.c estimated size: 457

